Turbo Assembler	 Version 4.1	    03/03/20 15:06:46	    Page 1
video3b.asm



      1				     .186
      2	0000			     .model tiny
      3	0000			     .code
      4
      5				     org 100h
      6
      7				     extrn   framedr :proc
      8				     extrn   printl  :proc
      9
     10
     11	0100  BF 029C		     Start:  mov     di, (80*4+14)*2
     12	0103  B9 0034			     mov     cx, 52d
     13	0106  BA 0009			     mov     dx, 9d
     14
     15	0109  E8 0000e			     call    framedr
     16
     17	010C  BE 011Ar			     mov     si, offset	msg	     ;line print
     18	010F  BF 05E2			     mov     di, (80*9+33)*2
     19
     20	0112  E8 0000e			     call    printl		     ;line print
     21
     22	0115  B8 4C00			     mov     ax, 4c00h
     23	0118  CD 21			     int     21h
     24
     25	011A  ?? 48 65 6C 6C 6F	2C+  msg: db, 'Hello, world!', 00
     26	      20 77 6F 72 6C 64	21+
     27	      00
     28
     29				     end Start
Turbo Assembler	 Version 4.1	    03/03/20 15:06:46	    Page 2
Symbol Table




Symbol Name			  Type	 Value

??DATE				  Text	 "03/03/20"
??FILENAME			  Text	 "video3b "
??TIME				  Text	 "15:06:46"
??VERSION			  Number 040A
@32BIT				  Text	 0
@CODE				  Text	 DGROUP
@CODESIZE			  Text	 0
@CPU				  Text	 0103H
@CURSEG				  Text	 _TEXT
@DATA				  Text	 DGROUP
@DATASIZE			  Text	 0
@FILENAME			  Text	 VIDEO3B
@INTERFACE			  Text	 000H
@MODEL				  Text	 1
@STACK				  Text	 DGROUP
@WORDSIZE			  Text	 2
FRAMEDR				  Near	 DGROUP:---- Extern
MSG				  Near	 DGROUP:011A
PRINTL				  Near	 DGROUP:---- Extern
START				  Near	 DGROUP:0100

Groups & Segments		  Bit Size Align  Combine Class

DGROUP				  Group
  _DATA				  16  0000 Word	  Public  DATA
  _TEXT				  16  0129 Word	  Public  CODE
