Turbo Assembler	 Version 4.1	    03/15/20 11:37:05	    Page 1
setclr.asm



      1				     .186
      2	0000			     .model tiny
      3
      4	0000			     .code
      5
      6				     org     100h
      7
      8				     public  setclr
      9
     10				     ;=================================================
     11				     ; Sets black and green color mod
     12				     ;=================================================
     13
     14	0100			     setclr	     proc
     15
     16	0100  60				     pusha
     17	0101  06				     push    es
     18
     19	0102  68 B800				     push    0b800h
     20	0105  07				     pop     es
     21
     22	0106  BB 0001				     mov     bx, 1h
     23
     24	0109  B0 02				     mov     al, 002h
     25	010B  B9 0FA0				     mov     cx, 4000d
     26
     27	010E  26: 88 07		     @@FULLSCREEN:   mov     byte ptr es:[bx], al
     28	0111  83 C3 02				     add     bx, 2
     29	0114  E2 F8				     loop    @@FULLSCREEN
     30
     31	0116  07				     pop     es
     32	0117  61				     popa
     33
     34	0118  C3				     ret
     35	0119					     endp
     36
     37				     end
Turbo Assembler	 Version 4.1	    03/15/20 11:37:05	    Page 2
Symbol Table




Symbol Name			  Type	 Value

??DATE				  Text	 "03/15/20"
??FILENAME			  Text	 "setclr  "
??TIME				  Text	 "11:37:04"
??VERSION			  Number 040A
@32BIT				  Text	 0
@@FULLSCREEN			  Near	 DGROUP:010E
@CODE				  Text	 DGROUP
@CODESIZE			  Text	 0
@CPU				  Text	 0103H
@CURSEG				  Text	 _TEXT
@DATA				  Text	 DGROUP
@DATASIZE			  Text	 0
@FILENAME			  Text	 SETCLR
@INTERFACE			  Text	 000H
@MODEL				  Text	 1
@STACK				  Text	 DGROUP
@WORDSIZE			  Text	 2
SETCLR				  Near	 DGROUP:0100

Groups & Segments		  Bit Size Align  Combine Class

DGROUP				  Group
  _DATA				  16  0000 Word	  Public  DATA
  _TEXT				  16  0119 Word	  Public  CODE
