Turbo Assembler	 Version 4.1	    02/16/20 24:46:31	    Page 1
video1.asm



      1	0000			     .model tiny
      2	0000			     .code
      3
      4				     org 100h
      5
      6	0100  B0 03		     Start:  mov al, 03h
      7	0102  CD 10			     int 10h
      8
      9	0104  B8 0E00			     mov ax, 0e00h
     10
     11	0107  CD 10			     Cycle:  int 10h
     12	0109  FE C0				     inc al
     13	010B  3C FF				     cmp al, 0ffh
     14	010D  72 F8			     jb	Cycle
     15
     16	010F  B8 4C00			     mov ax, 4c00h
     17	0112  CD 21			     int 21h
     18
     19				     end Start
Turbo Assembler	 Version 4.1	    02/16/20 24:46:31	    Page 2
Symbol Table




Symbol Name			  Type	 Value

??DATE				  Text	 "02/16/20"
??FILENAME			  Text	 "video1  "
??TIME				  Text	 "24:46:31"
??VERSION			  Number 040A
@32BIT				  Text	 0
@CODE				  Text	 DGROUP
@CODESIZE			  Text	 0
@CPU				  Text	 0101H
@CURSEG				  Text	 _TEXT
@DATA				  Text	 DGROUP
@DATASIZE			  Text	 0
@FILENAME			  Text	 VIDEO1
@INTERFACE			  Text	 000H
@MODEL				  Text	 1
@STACK				  Text	 DGROUP
@WORDSIZE			  Text	 2
CYCLE				  Near	 DGROUP:0107
START				  Near	 DGROUP:0100

Groups & Segments		  Bit Size Align  Combine Class

DGROUP				  Group
  _DATA				  16  0000 Word	  Public  DATA
  _TEXT				  16  0114 Word	  Public  CODE
