Turbo Assembler	 Version 4.1	    03/03/20 17:23:09	    Page 1
sort.asm



      1				     .186
      2	0000			     .model tiny
      3	0000			     .code
      4				     org     100h
      5
      6				     extrn   New08   :proc
      7				     extrn   Old08
      8
      9				     extrn   EndLabel
     10
     11				     extrn   rplInt  :proc
     12
     13	0100  B9 0008		     Start:	     mov     cx, 08h
     14	0103  BF 0000e				     mov     di, offset	Old08
     15	0106  BE 0000e				     mov     si, offset	New08
     16
     17	0109  E8 0000e				     call    rplInt
     18
     19	010C  B8 3100				     mov     ax, 3100h
     20	010F  BA 0000e				     mov     dx, offset	EndLabel
     21	0112  C1 EA 04				     shr     dx, 4
     22	0115  42				     inc     dx
     23	0116  CD 21				     int     21h
     24
     25				     end     Start
Turbo Assembler	 Version 4.1	    03/03/20 17:23:09	    Page 2
Symbol Table




Symbol Name			  Type	 Value

??DATE				  Text	 "03/03/20"
??FILENAME			  Text	 "sort	  "
??TIME				  Text	 "17:23:09"
??VERSION			  Number 040A
@32BIT				  Text	 0
@CODE				  Text	 DGROUP
@CODESIZE			  Text	 0
@CPU				  Text	 0103H
@CURSEG				  Text	 _TEXT
@DATA				  Text	 DGROUP
@DATASIZE			  Text	 0
@FILENAME			  Text	 SORT
@INTERFACE			  Text	 000H
@MODEL				  Text	 1
@STACK				  Text	 DGROUP
@WORDSIZE			  Text	 2
ENDLABEL			  Word	 DGROUP:---- Extern
NEW08				  Near	 DGROUP:---- Extern
OLD08				  Word	 DGROUP:---- Extern
RPLINT				  Near	 DGROUP:---- Extern
START				  Near	 DGROUP:0100

Groups & Segments		  Bit Size Align  Combine Class

DGROUP				  Group
  _DATA				  16  0000 Word	  Public  DATA
  _TEXT				  16  0118 Word	  Public  CODE
