Turbo Assembler	 Version 4.1	    03/02/20 17:33:13	    Page 1
test.asm



      1				     .186
      2	0000			     .model tiny
      3	0000			     .code
      4
      5				     org     100h
      6
      7	0100			     Start:
      8	0100  BA 0000r			     mov     dx, offset	file
      9	0103  B8 3D02			     mov     ax, 3d02h
     10	0106  CD 21			     int     21h
     11	0108  8B D8			     mov     bx, ax
     12
     13	010A  8A D0			     mov     dl, al
     14	010C  B8 0200			     mov     ax, 0200h
     15	010F  CD 21			     int     21h
     16
     17	0111  BA 0008r			     mov     dx, offset	txt
     18	0114  B9 000C			     mov     cx, 12d
     19
     20	0117  B8 4000			     mov     ax, 4000h
     21	011A  CD 21			     int     21h
     22
     23	011C  B8 3E00			     mov     ax, 3e00h
     24	011F  CD 21			     int     21h
     25
     26	0121  B8 4C00			     mov     ax, 4c00h
     27	0124  CD 21			     int     21h
     28
     29	0126			     .data
     30	0000  6C 6F 67 2E 74 78	74+  file    db	'log.txt', 0
     31	      00
     32	0008  61 61 61 61 73 73	73+  txt     db	'aaaassssdddd',	0
     33	      73 64 64 64 64 00
     34
     35				     end     Start
Turbo Assembler	 Version 4.1	    03/02/20 17:33:13	    Page 2
Symbol Table




Symbol Name			  Type	 Value

??DATE				  Text	 "03/02/20"
??FILENAME			  Text	 "test	  "
??TIME				  Text	 "17:33:13"
??VERSION			  Number 040A
@32BIT				  Text	 0
@CODE				  Text	 DGROUP
@CODESIZE			  Text	 0
@CPU				  Text	 0103H
@CURSEG				  Text	 _DATA
@DATA				  Text	 DGROUP
@DATASIZE			  Text	 0
@FILENAME			  Text	 TEST
@INTERFACE			  Text	 000H
@MODEL				  Text	 1
@STACK				  Text	 DGROUP
@WORDSIZE			  Text	 2
FILE				  Byte	 DGROUP:0000
START				  Near	 DGROUP:0100
TXT				  Byte	 DGROUP:0008

Groups & Segments		  Bit Size Align  Combine Class

DGROUP				  Group
  _DATA				  16  0015 Word	  Public  DATA
  _TEXT				  16  0126 Word	  Public  CODE
